torch: 2.13.0+rocm10.0.0 HIP: 7.15.26333 GPU available: True
AMD Radeon RX 7600 _CudaDeviceProperties(name='AMD Radeon RX 7600', major=11, minor=0, gcnArchName='gfx1102', total_memory=8176MB, multi_processor_count=16, uuid=30303030-3030-3033-3030-303030303030, pci_bus_id=3, pci_device_id=0, pci_domain_id=0, L2_cache_size=2MB)
MIOpen: Command [LogCmdFindConvolution] MIOpenDriver.exe conv -n 4 -c 3 -H 32 -W 32 -k 8 -y 3 -x 3 -p 1 -q 1 -u 1 -v 1 -l 1 -j 1 -m conv -g 1 -F 1 -t 1
MIOpen: Command [LogCmdConvolution] MIOpenDriver.exe conv -n 4 -c 3 -H 32 -W 32 -k 8 -y 3 -x 3 -p 1 -q 1 -u 1 -v 1 -l 1 -j 1 -m conv -g 1 -F 1 -t 1
Conv2d OK: cuda:0
MIOpen: Command [LogCmdBNorm] MIOpenDriver.exe bnorm -n 4 -c 8 -H 32 -W 32 -m 1 -I 0 --forw 1 -b 0 -r 1 -s 1 --layout NCHW
MIOpen: Error [Compile] 'hiprtcCompileProgram(prog.get(), c_options.size(), c_options.data())' MIOpenBatchNormFwdTrainSpatial.cpp: HIPRTC_ERROR_COMPILATION (6)
MIOpen: Error [BuildHip] HIPRTC status = HIPRTC_ERROR_COMPILATION (6), source file: MIOpenBatchNormFwdTrainSpatial.cpp
MIOpen: Warning [BuildHip] In file included from F:\rocm-temp\comgr-7884-513-6c202e\input\MIOpenBatchNormFwdTrainSpatial.cpp:8:
In file included from F:\rocm-temp\comgr-7884-513-6c202e\include\batchnorm_functions.hpp:30:
In file included from F:\rocm-temp\comgr-7884-513-6c202e\include\configuration.hpp:34:
In file included from F:\rocm-temp\comgr-7884-513-6c202e\include\vector_types.hpp:8:
F:\rocm-temp\comgr-7884-513-6c202e\include\miopen_type_traits.hpp:151:10: fatal error: 'type_traits' file not found
  151 | #include <type_traits>
      |          ^~~~~~~~~~~~~
1 error generated when compiling for gfx1102.
MIOpen Error: DESKTOP-QH35SB1:C:/home/runner/_work/rockrel/rockrel/rocm-libraries/projects/miopen/src/hipoc/hipoc_program.cpp:204: Code object build failed. Source: MIOpenBatchNormFwdTrainSpatial.cpp
Traceback (most recent call last):
  File "<stdin>", line 9, in <module>
  File "F:\sfl\.venv\Lib\site-packages\torch\nn\modules\module.py", line 1778, in _wrapped_call_impl
    return self._call_impl(*args, **kwargs)
           ^^^^^^^^^^^^^^^^^^^^^^^^^^^^^^^^
  File "F:\sfl\.venv\Lib\site-packages\torch\nn\modules\module.py", line 1789, in _call_impl
    return forward_call(*args, **kwargs)
           ^^^^^^^^^^^^^^^^^^^^^^^^^^^^^
  File "F:\sfl\.venv\Lib\site-packages\torch\nn\modules\batchnorm.py", line 210, in forward
    return F.batch_norm(
           ^^^^^^^^^^^^^
  File "F:\sfl\.venv\Lib\site-packages\torch\nn\functional.py", line 2898, in batch_norm
    return torch.batch_norm(
           ^^^^^^^^^^^^^^^^^
RuntimeError: miopenStatusUnknownError
