MIOpen: Command [LogCmdFindConvolution] MIOpenDriver.exe conv -n 4 -c 3 -H 32 -W 32 -k 8 -y 3 -x 3 -p 1 -q 1 -u 1 -v 1 -l 1 -j 1 -m conv -g 1 -F 1 -t 1
MIOpen: Command [LogCmdConvolution] MIOpenDriver.exe conv -n 4 -c 3 -H 32 -W 32 -k 8 -y 3 -x 3 -p 1 -q 1 -u 1 -v 1 -l 1 -j 1 -m conv -g 1 -F 1 -t 1
F:\sfl\.venv\Lib\site-packages\torch\backends\cudnn\__init__.py:177: UserWarning: cuDNN Benchmark limit is not supported in MIOpen and will have no effect. (Triggered internally at B:/src/pytorch/torch/csrc/cuda/Module.cpp:2108.)
  torch._C._cuda_set_cudnn_benchmark_limit(_benchmark_limit)
MIOpen: Command [LogCmdFindConvolution] MIOpenDriver.exe conv -n 4 -c 3 -H 32 -W 32 -k 8 -y 3 -x 3 -p 1 -q 1 -u 1 -v 1 -l 1 -j 1 -m conv -g 1 -F 2 -t 1
MIOpen: Command [LogCmdConvolution] MIOpenDriver.exe conv -n 4 -c 3 -H 32 -W 32 -k 8 -y 3 -x 3 -p 1 -q 1 -u 1 -v 1 -l 1 -j 1 -m conv -g 1 -F 2 -t 1
MIOpen: Command [LogCmdFindConvolution] MIOpenDriver.exe conv -n 4 -c 3 -H 32 -W 32 -k 8 -y 3 -x 3 -p 1 -q 1 -u 1 -v 1 -l 1 -j 1 -m conv -g 1 -F 4 -t 1
MIOpen: Command [LogCmdConvolution] MIOpenDriver.exe conv -n 4 -c 3 -H 32 -W 32 -k 8 -y 3 -x 3 -p 1 -q 1 -u 1 -v 1 -l 1 -j 1 -m conv -g 1 -F 4 -t 1
<stdin>:14: UserWarning: Converting a tensor with requires_grad=True to a scalar may lead to unexpected behavior.
Consider using tensor.detach() first. (Triggered internally at B:/src/pytorch/torch/csrc/autograd/generated/python_variable_methods.cpp:823.)
MIOpen: Command [LogCmdConvolution] MIOpenDriver.exe conv -n 4 -c 3 -H 32 -W 32 -k 8 -y 3 -x 3 -p 1 -q 1 -u 1 -v 1 -l 1 -j 1 -m conv -g 1 -F 1 -t 1
MIOpen: Command [LogCmdBNorm] MIOpenDriver.exe bnorm -n 4 -c 8 -H 32 -W 32 -m 1 -I 0 --forw 1 -b 0 -r 1 -s 1 --layout NCHW
MIOpen: Error [Compile] 'hiprtcCompileProgram(prog.get(), c_options.size(), c_options.data())' MIOpenBatchNormFwdTrainSpatial.cpp: HIPRTC_ERROR_COMPILATION (6)
MIOpen: Error [BuildHip] HIPRTC status = HIPRTC_ERROR_COMPILATION (6), source file: MIOpenBatchNormFwdTrainSpatial.cpp
MIOpen: Warning [BuildHip] In file included from F:\rocm-temp\comgr-8016-518-05dbac\input\MIOpenBatchNormFwdTrainSpatial.cpp:8:
In file included from F:\rocm-temp\comgr-8016-518-05dbac\include\batchnorm_functions.hpp:30:
In file included from F:\rocm-temp\comgr-8016-518-05dbac\include\configuration.hpp:34:
In file included from F:\rocm-temp\comgr-8016-518-05dbac\include\vector_types.hpp:8:
F:\rocm-temp\comgr-8016-518-05dbac\include\miopen_type_traits.hpp:151:10: fatal error: 'type_traits' file not found
  151 | #include <type_traits>
      |          ^~~~~~~~~~~~~
1 error generated when compiling for gfx1102.
MIOpen Error: DESKTOP-QH35SB1:C:/home/runner/_work/rockrel/rockrel/rocm-libraries/projects/miopen/src/hipoc/hipoc_program.cpp:204: Code object build failed. Source: MIOpenBatchNormFwdTrainSpatial.cpp
LOCAL BN FLAGS FORWARD/BACKWARD OK 0.3560904264450073 cudnn restored: True
Traceback (most recent call last):
  File "<stdin>", line 17, in <module>
RuntimeError: miopenStatusUnknownError
