Ultralytics 8.4.164  Python-3.12.10 torch-2.13.0+rocm10.0.0 CUDA:0 (AMD Radeon RX 7600, 8176MiB)
engine\trainer: agnostic_nms=False, amp=True, angle=1.0, augment=False, auto_augment=randaugment, batch=16, bgr=0.0, box=7.5, cache=False, cfg=None, channels_last=None, classes=None, close_mosaic=10, cls=0.5, cls_pw=0.0, cls_remap=True, compile=False, conf=None, copy_paste=0.0, copy_paste_mode=flip, cos_lr=False, cutmix=0.0, data=F:\sfl\project\data\partitions\iid\client_0\data.yaml, degrees=0.0, deterministic=True, device=0, dfl=1.5, dgrad=0.5, dis=6.0, distill_model=None, dlam=1.0, dlog=1.0, dnn=False, dropout=0.0, dynamic=False, embed=None, epochs=1, erasing=0.4, exist_ok=True, fliplr=0.5, flipud=0.0, format=torchscript, fraction=1.0, freeze=None, hsv_h=0.015, hsv_s=0.7, hsv_v=0.4, imgsz=640, iou=0.7, kobj=1.0, line_width=None, lr0=0.01, lrf=0.01, mask_ratio=4, max_det=300, mixup=0.0, mode=train, model=F:\sfl\project\yolov8n.pt, momentum=0.937, mosaic=1.0, multi_scale=0.0, name=taco_iid_client_0, nbs=64, nms=None, opset=None, optimize=False, optimizer=auto, overlap_mask=True, patience=100, perspective=0.0, plots=False, pose=12.0, pretrained=True, profile=False, project=F:\sfl\project\runs\hardware_benchmark, quantize=None, rect=False, resume=False, retina_masks=False, rle=1.0, save=True, save_conf=False, save_crop=False, save_dir=F:\sfl\project\runs\hardware_benchmark\taco_iid_client_0, save_frames=False, save_json=False, save_period=-1, save_txt=False, scale=0.5, seed=0, shear=0.0, show=False, show_boxes=True, show_conf=True, show_labels=True, simplify=True, single_cls=False, source=None, split=val, stream_buffer=False, task=detect, time=None, tracker=tracktrack.yaml, translate=0.1, val=True, verbose=False, vid_stride=1, visualize=False, warmup_bias_lr=0.1, warmup_epochs=3.0, warmup_momentum=0.8, weight_decay=0.0005, workers=0, workspace=None
Overriding model.yaml nc=80 with nc=10

                   from  n    params  module                                       arguments
  0                  -1  1       464  ultralytics.nn.modules.conv.Conv             [3, 16, 3, 2]
  1                  -1  1      4672  ultralytics.nn.modules.conv.Conv             [16, 32, 3, 2]
  2                  -1  1      7360  ultralytics.nn.modules.block.C2f             [32, 32, 1, True]
  3                  -1  1     18560  ultralytics.nn.modules.conv.Conv             [32, 64, 3, 2]
  4                  -1  2     49664  ultralytics.nn.modules.block.C2f             [64, 64, 2, True]
  5                  -1  1     73984  ultralytics.nn.modules.conv.Conv             [64, 128, 3, 2]
  6                  -1  2    197632  ultralytics.nn.modules.block.C2f             [128, 128, 2, True]
  7                  -1  1    295424  ultralytics.nn.modules.conv.Conv             [128, 256, 3, 2]
  8                  -1  1    460288  ultralytics.nn.modules.block.C2f             [256, 256, 1, True]
  9                  -1  1    164608  ultralytics.nn.modules.block.SPPF            [256, 256, 5]
 10                  -1  1         0  torch.nn.modules.upsampling.Upsample         [None, 2, 'nearest']
 11             [-1, 6]  1         0  ultralytics.nn.modules.conv.Concat           [1]
 12                  -1  1    148224  ultralytics.nn.modules.block.C2f             [384, 128, 1]
 13                  -1  1         0  torch.nn.modules.upsampling.Upsample         [None, 2, 'nearest']
 14             [-1, 4]  1         0  ultralytics.nn.modules.conv.Concat           [1]
 15                  -1  1     37248  ultralytics.nn.modules.block.C2f             [192, 64, 1]
 16                  -1  1     36992  ultralytics.nn.modules.conv.Conv             [64, 64, 3, 2]
 17            [-1, 12]  1         0  ultralytics.nn.modules.conv.Concat           [1]
 18                  -1  1    123648  ultralytics.nn.modules.block.C2f             [192, 128, 1]
 19                  -1  1    147712  ultralytics.nn.modules.conv.Conv             [128, 128, 3, 2]
 20             [-1, 9]  1         0  ultralytics.nn.modules.conv.Concat           [1]
 21                  -1  1    493056  ultralytics.nn.modules.block.C2f             [384, 256, 1]
 22        [15, 18, 21]  1    753262  ultralytics.nn.modules.head.Detect           [10, 16, None, [64, 128, 256]]
Model summary: 129 layers, 3,012,798 parameters, 3,012,782 gradients, 8.2 GFLOPs

Remapped 2/10 cls head rows from pretrained weights by class name
Transferred 322/355 items from pretrained weights
Freezing layer 'model.22.dfl.conv.weight'
AMP: running Automatic Mixed Precision (AMP) checks...
AMP: checks passed
train: Fast image access  (ping: 0.30.4 ms, read: 71.921.8 MB/s, size: 1818.9 KB)

train: Scanning F:\sfl\project\data\centralized\labels\train... 1 images, 0 backgrounds, 0 corrupt: 0% ──────────── 1/192 2.1it/s 0.1s<1:30
train: Scanning F:\sfl\project\data\centralized\labels\train... 10 images, 0 backgrounds, 0 corrupt: 5% ╸─────────── 10/192 5.5it/s 0.8s<33.3s
train: Scanning F:\sfl\project\data\centralized\labels\train... 61 images, 0 backgrounds, 0 corrupt: 31% ━━━╸──────── 61/192 55.7it/s 1.1s<2.4s
train: Scanning F:\sfl\project\data\centralized\labels\train... 88 images, 0 backgrounds, 0 corrupt: 45% ━━━━━─────── 88/192 72.6it/s 1.4s<1.4s
train: Scanning F:\sfl\project\data\centralized\labels\train... 99 images, 0 backgrounds, 0 corrupt: 51% ━━━━━━────── 99/192 57.6it/s 1.8s<1.6s
train: Scanning F:\sfl\project\data\centralized\labels\train... 137 images, 0 backgrounds, 0 corrupt: 71% ━━━━━━━━╸─── 137/192 63.0it/s 2.3s<0.9s
train: Scanning F:\sfl\project\data\centralized\labels\train... 184 images, 0 backgrounds, 0 corrupt: 95% ━━━━━━━━━━━─ 184/192 159.0it/s 2.5s<0.1s
train: Scanning F:\sfl\project\data\centralized\labels\train... 192 images, 0 backgrounds, 0 corrupt: 100% ━━━━━━━━━━━━ 192/192 77.5it/s 2.5s
train: New cache created: F:\sfl\project\data\centralized\labels\train.cache
val: Fast image access  (ping: 0.20.0 ms, read: 79.628.1 MB/s, size: 1981.1 KB)

val: Scanning F:\sfl\project\data\centralized\labels\val... 4 images, 0 backgrounds, 0 corrupt: 8% ━─────────── 4/48 8.2it/s 0.1s<5.4s
val: Scanning F:\sfl\project\data\centralized\labels\val... 18 images, 0 backgrounds, 0 corrupt: 37% ━━━━──────── 18/48 19.8it/s 0.4s<1.5s
val: Scanning F:\sfl\project\data\centralized\labels\val... 34 images, 0 backgrounds, 0 corrupt: 70% ━━━━━━━━──── 34/48 55.4it/s 0.6s<0.3s
val: Scanning F:\sfl\project\data\centralized\labels\val... 48 images, 0 backgrounds, 0 corrupt: 100% ━━━━━━━━━━━━ 48/48 81.0it/s 0.6s
val: New cache created: F:\sfl\project\data\centralized\labels\val.cache
optimizer: 'optimizer=auto' found, ignoring 'lr0=0.01' and 'momentum=0.937' and determining best 'optimizer', 'lr0' and 'momentum' automatically...
optimizer: AdamW(lr=0.000714, momentum=0.9) with parameter groups 57 weight(decay=0.0), 64 weight(decay=0.0005), 63 bias(decay=0.0)
Using 192 train, 48 val images for fraction=1.0 at imgsz=640
Using 0 dataloader workers
Logging results to F:\sfl\project\runs\hardware_benchmark\taco_iid_client_0
Starting training for 1 epochs...
Closing dataloader mosaic

      Epoch    GPU_mem   box_loss   cls_loss   dfl_loss  Instances       Size

        1/1     0.309G      1.397      5.476      1.365         47        640: 0% ──────────── 0/12  2.9s
        1/1         2G       1.42       5.28      1.324         46        640: 8% ━─────────── 1/12 4.6s/it 4.3s<50.5s
        1/1         2G      1.338      5.264      1.274         32        640: 16% ━━────────── 2/12 2.6s/it 5.6s<26.1s
        1/1         2G      1.303      5.192      1.279         50        640: 25% ━━━───────── 3/12 2.1s/it 7.0s<18.7s
        1/1      2.01G       1.35      5.135      1.277         37        640: 33% ━━━━──────── 4/12 1.7s/it 8.2s<13.6s
        1/1      2.02G      1.377      5.012      1.275         46        640: 41% ━━━━━─────── 5/12 1.6s/it 9.5s<11.1s
        1/1      2.02G      1.438      4.938      1.288         48        640: 50% ━━━━━━────── 6/12 1.4s/it 10.7s<8.7s
        1/1      2.02G      1.527      4.925       1.29        102        640: 58% ━━━━━━━───── 7/12 1.4s/it 12.1s<7.1s
        1/1      2.02G      1.532      4.909      1.303         39        640: 66% ━━━━━━━━──── 8/12 1.3s/it 13.2s<5.3s
        1/1      2.02G      1.528      4.857      1.303         66        640: 75% ━━━━━━━━━─── 9/12 1.4s/it 14.7s<4.1s
        1/1      2.02G      1.524      4.829      1.314         53        640: 83% ━━━━━━━━━━── 10/12 1.4s/it 16.0s<2.7s
        1/1      2.02G       1.51      4.769      1.325         32        640: 91% ━━━━━━━━━━━─ 11/12 1.3s/it 17.3s<1.3s
        1/1      2.02G       1.51      4.769      1.325         32        640: 100% ━━━━━━━━━━━━ 12/12 1.4s/it 17.3s

                 Class     Images  Instances      Box(P          R      mAP50  mAP50-95): 50% ━━━━━━────── 1/2 7.9s/it 2.4s<7.9s
                 Class     Images  Instances      Box(P          R      mAP50  mAP50-95): 100% ━━━━━━━━━━━━ 2/2 1.7s/it 3.4s
                   all         48        159    0.00191     0.0848     0.0167    0.00959

1 epochs completed in 0.006 hours.
Optimizer stripped from F:\sfl\project\runs\hardware_benchmark\taco_iid_client_0\weights\last.pt, 6.2MB
Optimizer stripped from F:\sfl\project\runs\hardware_benchmark\taco_iid_client_0\weights\best.pt, 6.2MB

Validating F:\sfl\project\runs\hardware_benchmark\taco_iid_client_0\weights\best.pt...
Ultralytics 8.4.164  Python-3.12.10 torch-2.13.0+rocm10.0.0 CUDA:0 (AMD Radeon RX 7600, 8176MiB)
Model summary (fused): 72 layers, 3,007,598 parameters, 0 gradients, 8.1 GFLOPs

                 Class     Images  Instances      Box(P          R      mAP50  mAP50-95): 50% ━━━━━━────── 1/2 5.4s/it 1.6s<5.4s
                 Class     Images  Instances      Box(P          R      mAP50  mAP50-95): 100% ━━━━━━━━━━━━ 2/2 1.2s/it 2.3s
                   all         48        159    0.00191     0.0848     0.0167    0.00957
Speed: 0.2ms preprocess, 1.3ms inference, 0.0ms loss, 1.1ms postprocess per image
{
  "measured_at": "2026-09-28T02:56:39.761338+00:00",
  "data_yaml": "data\\partitions\\iid\\client_0\\data.yaml",
  "train_images": 192,
  "epochs": 1,
  "image_size": 640,
  "batch_size": 16,
  "device": "0",
  "elapsed_seconds": 49.66672579999977,
  "trainable_weights_changed": true,
  "seconds_per_epoch": 49.66672579999977,
  "estimated_federated_epochs": 52500,
  "estimated_total_hours": 724.3064179166632,
  "estimated_total_days": 30.179434079860968,
  "decision": "colab",
  "hardware": {
    "system": "Windows",
    "platform": "Windows-11-10.0.26200-SP0",
    "python": "3.12.10",
    "torch_version": "2.13.0+rocm10.0.0",
    "backend": "rocm",
    "cuda_version": null,
    "hip_version": "7.15.26333",
    "cuda_available": true,
    "device": "0",
    "gpu_name": "AMD Radeon RX 7600",
    "vram_bytes": 8573157376,
    "batchnorm_native": true,
    "amp_initial_scale_limit": 1024.0,
    "peak_allocated_bytes": 1955933696,
    "peak_reserved_bytes": 2464153600,
    "processor": "Intel64 Family 6 Model 151 Stepping 5, GenuineIntel",
    "torch": "2.13.0+rocm10.0.0",
    "gpu": "AMD Radeon RX 7600"
  }
}
